2026-04-21 11:26:02 [2] INFO  Ticketing.Persistence.DbUtils - Database initialized: Data Source=C:\Facultate\Anul_2\Semestru_2\MPP\C#\Lab2\identifier.sqlite
2026-04-21 11:26:02 [2] INFO  Ticketing.Persistence.DbUtils - Database schema initialized successfully
2026-04-21 11:26:02 [2] INFO  Ticketing.Persistence.DbUtils - Data already exists, skipping seed
2026-04-21 11:26:02 [2] INFO  Ticketing.Persistence.Repository.UserRepository - UserRepository initialized
2026-04-21 11:26:02 [2] INFO  Ticketing.Persistence.Repository.ArtistRepository - ArtistRepository initialized
2026-04-21 11:26:02 [2] INFO  Ticketing.Persistence.Repository.SpectacleRepository - SpectacleRepository initialized
2026-04-21 11:26:02 [2] INFO  Ticketing.Persistence.Repository.BuyerRepository - BuyerRepository initialized
2026-04-21 11:26:02 [2] INFO  Ticketing.Persistence.Repository.ArtistSpectacleRepository - ArtistSpectacleRepository initialized
2026-04-21 11:26:02 [2] INFO  Ticketing.Server.TicketingServerService - TicketingServerService initialized
2026-04-21 11:27:10 [2] INFO  Ticketing.Persistence.DbUtils - Database initialized: Data Source=C:\Facultate\Anul_2\Semestru_2\MPP\C#\Lab2\identifier.sqlite
2026-04-21 11:27:11 [2] INFO  Ticketing.Persistence.DbUtils - Database schema initialized successfully
2026-04-21 11:27:11 [2] INFO  Ticketing.Persistence.DbUtils - Data already exists, skipping seed
2026-04-21 11:27:11 [2] INFO  Ticketing.Persistence.Repository.UserRepository - UserRepository initialized
2026-04-21 11:27:11 [2] INFO  Ticketing.Persistence.Repository.ArtistRepository - ArtistRepository initialized
2026-04-21 11:27:11 [2] INFO  Ticketing.Persistence.Repository.SpectacleRepository - SpectacleRepository initialized
2026-04-21 11:27:11 [2] INFO  Ticketing.Persistence.Repository.BuyerRepository - BuyerRepository initialized
2026-04-21 11:27:11 [2] INFO  Ticketing.Persistence.Repository.ArtistSpectacleRepository - ArtistSpectacleRepository initialized
2026-04-21 11:27:11 [2] INFO  Ticketing.Server.TicketingServerService - TicketingServerService initialized
2026-04-21 11:29:54 [2] INFO  Ticketing.Persistence.DbUtils - Database initialized: Data Source=C:\Facultate\Anul_2\Semestru_2\MPP\C#\Lab2\identifier.sqlite
2026-04-21 11:29:54 [2] INFO  Ticketing.Persistence.DbUtils - Database schema initialized successfully
2026-04-21 11:29:54 [2] INFO  Ticketing.Persistence.DbUtils - Data already exists, skipping seed
2026-04-21 11:29:54 [2] INFO  Ticketing.Persistence.Repository.UserRepository - UserRepository initialized
2026-04-21 11:29:54 [2] INFO  Ticketing.Persistence.Repository.ArtistRepository - ArtistRepository initialized
2026-04-21 11:29:54 [2] INFO  Ticketing.Persistence.Repository.SpectacleRepository - SpectacleRepository initialized
2026-04-21 11:29:54 [2] INFO  Ticketing.Persistence.Repository.BuyerRepository - BuyerRepository initialized
2026-04-21 11:29:54 [2] INFO  Ticketing.Persistence.Repository.ArtistSpectacleRepository - ArtistSpectacleRepository initialized
2026-04-21 11:29:54 [2] INFO  Ticketing.Server.TicketingServerService - TicketingServerService initialized
2026-04-21 11:30:43 [2] INFO  Ticketing.Persistence.DbUtils - Database initialized: Data Source=C:\Facultate\Anul_2\Semestru_2\MPP\C#\Lab2\identifier.sqlite
2026-04-21 11:30:43 [2] INFO  Ticketing.Persistence.DbUtils - Database schema initialized successfully
2026-04-21 11:30:43 [2] INFO  Ticketing.Persistence.DbUtils - Data already exists, skipping seed
2026-04-21 11:30:43 [2] INFO  Ticketing.Persistence.Repository.UserRepository - UserRepository initialized
2026-04-21 11:30:43 [2] INFO  Ticketing.Persistence.Repository.ArtistRepository - ArtistRepository initialized
2026-04-21 11:30:43 [2] INFO  Ticketing.Persistence.Repository.SpectacleRepository - SpectacleRepository initialized
2026-04-21 11:30:43 [2] INFO  Ticketing.Persistence.Repository.BuyerRepository - BuyerRepository initialized
2026-04-21 11:30:43 [2] INFO  Ticketing.Persistence.Repository.ArtistSpectacleRepository - ArtistSpectacleRepository initialized
2026-04-21 11:30:43 [2] INFO  Ticketing.Server.TicketingServerService - TicketingServerService initialized
2026-04-21 11:31:02 [.NET TP Worker] INFO  Ticketing.Server.ClientSessionWorker - Client connected from 127.0.0.1:64124
2026-04-21 11:31:03 [.NET TP Worker] DEBUG Ticketing.Server.ClientSessionWorker - Request received: LOGIN_REQUEST
2026-04-21 11:31:03 [.NET TP Worker] WARN  Ticketing.Persistence.Repository.UserRepository - Authentication failed for user: razvan
2026-04-21 11:31:03 [.NET TP Worker] WARN  Ticketing.Server.TicketingServerService - Login failed for user: razvan
2026-04-21 11:31:03 [.NET TP Worker] ERROR Ticketing.Server.ClientSessionWorker - Error handling request
Ticketing.Services.TicketingException: Utilizator sau parola invalida.
   at Ticketing.Server.TicketingServerService.Login(String username, String password, IClientObserver observer) in C:\Facultate\Anul_2\Semestru_2\MPP\C#\Lab2\server\TicketingServerService.cs:line 43
   at Ticketing.Server.ClientSessionWorker.HandleRequestAsync(String rawMessage) in C:\Facultate\Anul_2\Semestru_2\MPP\C#\Lab2\server\ClientSessionWorker.cs:line 100
2026-04-21 11:31:16 [.NET TP Worker] INFO  Ticketing.Server.ClientSessionWorker - Client disconnected from 127.0.0.1:64124
2026-04-21 11:31:40 [.NET TP Worker] INFO  Ticketing.Server.ClientSessionWorker - Client connected from 127.0.0.1:64130
2026-04-21 11:31:40 [.NET TP Worker] DEBUG Ticketing.Server.ClientSessionWorker - Request received: LOGIN_REQUEST
2026-04-21 11:31:40 [.NET TP Worker] WARN  Ticketing.Persistence.Repository.UserRepository - Authentication failed for user: razvan2
2026-04-21 11:31:40 [.NET TP Worker] WARN  Ticketing.Server.TicketingServerService - Login failed for user: razvan2
2026-04-21 11:31:40 [.NET TP Worker] ERROR Ticketing.Server.ClientSessionWorker - Error handling request
Ticketing.Services.TicketingException: Utilizator sau parola invalida.
   at Ticketing.Server.TicketingServerService.Login(String username, String password, IClientObserver observer) in C:\Facultate\Anul_2\Semestru_2\MPP\C#\Lab2\server\TicketingServerService.cs:line 43
   at Ticketing.Server.ClientSessionWorker.HandleRequestAsync(String rawMessage) in C:\Facultate\Anul_2\Semestru_2\MPP\C#\Lab2\server\ClientSessionWorker.cs:line 100
2026-04-21 11:31:46 [.NET TP Worker] INFO  Ticketing.Server.ClientSessionWorker - Client disconnected from 127.0.0.1:64130
2026-04-21 11:34:06 [.NET TP Worker] INFO  Ticketing.Server.ClientSessionWorker - Client connected from 127.0.0.1:52774
2026-04-21 11:34:06 [.NET TP Worker] DEBUG Ticketing.Server.ClientSessionWorker - Request received: LOGIN_REQUEST
2026-04-21 11:34:06 [.NET TP Worker] WARN  Ticketing.Persistence.Repository.UserRepository - Authentication failed for user: razvan
2026-04-21 11:34:06 [.NET TP Worker] WARN  Ticketing.Server.TicketingServerService - Login failed for user: razvan
2026-04-21 11:34:06 [.NET TP Worker] ERROR Ticketing.Server.ClientSessionWorker - Error handling request
Ticketing.Services.TicketingException: Utilizator sau parola invalida.
   at Ticketing.Server.TicketingServerService.Login(String username, String password, IClientObserver observer) in C:\Facultate\Anul_2\Semestru_2\MPP\C#\Lab2\server\TicketingServerService.cs:line 43
   at Ticketing.Server.ClientSessionWorker.HandleRequestAsync(String rawMessage) in C:\Facultate\Anul_2\Semestru_2\MPP\C#\Lab2\server\ClientSessionWorker.cs:line 100
2026-04-21 11:34:09 [.NET TP Worker] INFO  Ticketing.Server.ClientSessionWorker - Client disconnected from 127.0.0.1:52774
2026-04-21 11:37:01 [.NET TP Worker] INFO  Ticketing.Server.ClientSessionWorker - Client connected from 127.0.0.1:64370
2026-04-21 11:37:01 [.NET TP Worker] DEBUG Ticketing.Server.ClientSessionWorker - Request received: LOGIN_REQUEST
2026-04-21 11:37:01 [.NET TP Worker] WARN  Ticketing.Persistence.Repository.UserRepository - Authentication failed for user: razvan
2026-04-21 11:37:01 [.NET TP Worker] WARN  Ticketing.Server.TicketingServerService - Login failed for user: razvan
2026-04-21 11:37:01 [.NET TP Worker] ERROR Ticketing.Server.ClientSessionWorker - Error handling request
Ticketing.Services.TicketingException: Utilizator sau parola invalida.
   at Ticketing.Server.TicketingServerService.Login(String username, String password, IClientObserver observer) in C:\Facultate\Anul_2\Semestru_2\MPP\C#\Lab2\server\TicketingServerService.cs:line 43
   at Ticketing.Server.ClientSessionWorker.HandleRequestAsync(String rawMessage) in C:\Facultate\Anul_2\Semestru_2\MPP\C#\Lab2\server\ClientSessionWorker.cs:line 100
2026-04-21 11:37:02 [.NET TP Worker] INFO  Ticketing.Server.ClientSessionWorker - Client disconnected from 127.0.0.1:64370
2026-04-21 11:37:36 [2] INFO  Ticketing.Persistence.DbUtils - Database initialized: Data Source=C:\Facultate\Anul_2\Semestru_2\MPP\C#\Lab2\identifier.sqlite
2026-04-21 11:37:36 [2] INFO  Ticketing.Persistence.DbUtils - Database schema initialized successfully
2026-04-21 11:37:36 [2] INFO  Ticketing.Persistence.DbUtils - Data already exists, skipping seed
2026-04-21 11:37:36 [2] INFO  Ticketing.Persistence.Repository.UserRepository - UserRepository initialized
2026-04-21 11:37:36 [2] INFO  Ticketing.Persistence.Repository.ArtistRepository - ArtistRepository initialized
2026-04-21 11:37:36 [2] INFO  Ticketing.Persistence.Repository.SpectacleRepository - SpectacleRepository initialized
2026-04-21 11:37:36 [2] INFO  Ticketing.Persistence.Repository.BuyerRepository - BuyerRepository initialized
2026-04-21 11:37:36 [2] INFO  Ticketing.Persistence.Repository.ArtistSpectacleRepository - ArtistSpectacleRepository initialized
2026-04-21 11:37:36 [2] INFO  Ticketing.Server.TicketingServerService - TicketingServerService initialized
2026-04-21 11:37:50 [.NET TP Worker] INFO  Ticketing.Server.ClientSessionWorker - Client connected from 127.0.0.1:64380
2026-04-21 11:37:50 [.NET TP Worker] DEBUG Ticketing.Server.ClientSessionWorker - Request received: LOGIN_REQUEST
2026-04-21 11:37:50 [.NET TP Worker] INFO  Ticketing.Persistence.Repository.UserRepository - User authenticated: admin
2026-04-21 11:37:50 [.NET TP Worker] INFO  Ticketing.Server.TicketingServerService - User logged in: admin (id=1)
2026-04-21 11:42:02 [.NET TP Worker] INFO  Ticketing.Server.ClientSessionWorker - Client disconnected from 127.0.0.1:64380
2026-04-21 11:51:22 [2] INFO  org.example.repository.DbUtils - Se solicita o conexiune la DB...
2026-04-21 11:51:22 [2] INFO  org.example.repository.DbUtils - Creare conexiune noua (citire din App.config)...
2026-04-21 11:51:22 [2] INFO  org.example.repository.DbUtils - Conexiune deschisă cu succes.
2026-04-21 11:51:22 [2] INFO  Ticketing.Persistence.Repository.UserRepository - UserRepository initialized
2026-04-21 11:51:22 [2] INFO  Ticketing.Persistence.Repository.ArtistRepository - ArtistRepository initialized
2026-04-21 11:51:22 [2] INFO  Ticketing.Persistence.Repository.SpectacleRepository - SpectacleRepository initialized
2026-04-21 11:51:22 [2] INFO  Ticketing.Persistence.Repository.BuyerRepository - BuyerRepository initialized
2026-04-21 11:51:22 [2] INFO  Ticketing.Persistence.Repository.ArtistSpectacleRepository - ArtistSpectacleRepository initialized
2026-04-21 11:51:22 [2] INFO  Ticketing.Server.TicketingServerService - TicketingServerService initialized
2026-04-21 11:51:40 [.NET TP Worker] INFO  Ticketing.Server.ClientSessionWorker - Client connected from 127.0.0.1:64435
2026-04-21 11:51:40 [.NET TP Worker] DEBUG Ticketing.Server.ClientSessionWorker - Request received: LOGIN_REQUEST
2026-04-21 11:51:40 [.NET TP Worker] ERROR Ticketing.Server.ClientSessionWorker - Error handling request
System.ArgumentException: Format of the initialization string does not conform to specification starting at index 0.
   at System.Data.Common.DbConnectionOptions.GetKeyValuePair(String connectionString, Int32 currentPosition, StringBuilder buffer, Boolean useOdbcRules, String& keyname, String& keyvalue)
   at System.Data.Common.DbConnectionOptions.ParseInternal(Dictionary`2 parsetable, String connectionString, Boolean buildChain, Dictionary`2 synonyms, Boolean firstKey)
   at System.Data.Common.DbConnectionOptions..ctor(String connectionString, Dictionary`2 synonyms, Boolean useOdbcRules)
   at System.Data.Common.DbConnectionStringBuilder.set_ConnectionString(String value)
   at Microsoft.Data.Sqlite.SqliteConnectionStringBuilder..ctor(String connectionString)
   at Microsoft.Data.Sqlite.SqliteConnectionFactory.GetPoolGroup(String connectionString)
   at Microsoft.Data.Sqlite.SqliteConnection.set_ConnectionString(String value)
   at Microsoft.Data.Sqlite.SqliteConnection..ctor(String connectionString)
   at Ticketing.Persistence.Repository.UserRepository.Authenticate(String username, String password) in C:\Facultate\Anul_2\Semestru_2\MPP\C#\Lab2\persistence\Repository\UserRepository.cs:line 23
   at Ticketing.Server.TicketingServerService.Login(String username, String password, IClientObserver observer) in C:\Facultate\Anul_2\Semestru_2\MPP\C#\Lab2\server\TicketingServerService.cs:line 39
   at Ticketing.Server.ClientSessionWorker.HandleRequestAsync(String rawMessage) in C:\Facultate\Anul_2\Semestru_2\MPP\C#\Lab2\server\ClientSessionWorker.cs:line 100
2026-04-21 11:54:19 [.NET TP Worker] INFO  Ticketing.Server.ClientSessionWorker - Client connected from 127.0.0.1:50190
2026-04-21 11:54:19 [.NET TP Worker] DEBUG Ticketing.Server.ClientSessionWorker - Request received: LOGIN_REQUEST
2026-04-21 11:54:19 [.NET TP Worker] ERROR Ticketing.Server.ClientSessionWorker - Error handling request
System.ArgumentException: Format of the initialization string does not conform to specification starting at index 0.
   at System.Data.Common.DbConnectionOptions.GetKeyValuePair(String connectionString, Int32 currentPosition, StringBuilder buffer, Boolean useOdbcRules, String& keyname, String& keyvalue)
   at System.Data.Common.DbConnectionOptions.ParseInternal(Dictionary`2 parsetable, String connectionString, Boolean buildChain, Dictionary`2 synonyms, Boolean firstKey)
   at System.Data.Common.DbConnectionOptions..ctor(String connectionString, Dictionary`2 synonyms, Boolean useOdbcRules)
   at System.Data.Common.DbConnectionStringBuilder.set_ConnectionString(String value)
   at Microsoft.Data.Sqlite.SqliteConnectionStringBuilder..ctor(String connectionString)
   at Microsoft.Data.Sqlite.SqliteConnectionFactory.GetPoolGroup(String connectionString)
   at Microsoft.Data.Sqlite.SqliteConnection.set_ConnectionString(String value)
   at Microsoft.Data.Sqlite.SqliteConnection..ctor(String connectionString)
   at Ticketing.Persistence.Repository.UserRepository.Authenticate(String username, String password) in C:\Facultate\Anul_2\Semestru_2\MPP\C#\Lab2\persistence\Repository\UserRepository.cs:line 23
   at Ticketing.Server.TicketingServerService.Login(String username, String password, IClientObserver observer) in C:\Facultate\Anul_2\Semestru_2\MPP\C#\Lab2\server\TicketingServerService.cs:line 39
   at Ticketing.Server.ClientSessionWorker.HandleRequestAsync(String rawMessage) in C:\Facultate\Anul_2\Semestru_2\MPP\C#\Lab2\server\ClientSessionWorker.cs:line 100
2026-04-21 11:54:22 [.NET TP Worker] INFO  Ticketing.Server.ClientSessionWorker - Client disconnected from 127.0.0.1:50190
2026-04-21 11:54:55 [.NET TP Worker] INFO  Ticketing.Server.ClientSessionWorker - Client disconnected from 127.0.0.1:64435
2026-04-21 11:55:13 [2] INFO  Ticketing.Persistence.Repository.UserRepository - UserRepository initialized
2026-04-21 11:55:13 [2] INFO  Ticketing.Persistence.Repository.ArtistRepository - ArtistRepository initialized
2026-04-21 11:55:13 [2] INFO  Ticketing.Persistence.Repository.SpectacleRepository - SpectacleRepository initialized
2026-04-21 11:55:13 [2] INFO  Ticketing.Persistence.Repository.BuyerRepository - BuyerRepository initialized
2026-04-21 11:55:13 [2] INFO  Ticketing.Persistence.Repository.ArtistSpectacleRepository - ArtistSpectacleRepository initialized
2026-04-21 11:55:13 [2] INFO  Ticketing.Server.TicketingServerService - TicketingServerService initialized
2026-04-21 11:55:40 [.NET TP Worker] INFO  Ticketing.Server.ClientSessionWorker - Client connected from 127.0.0.1:57056
2026-04-21 11:55:40 [.NET TP Worker] DEBUG Ticketing.Server.ClientSessionWorker - Request received: LOGIN_REQUEST
2026-04-21 11:55:40 [.NET TP Worker] WARN  Ticketing.Persistence.Repository.UserRepository - Authentication failed for user: admin
2026-04-21 11:55:40 [.NET TP Worker] WARN  Ticketing.Server.TicketingServerService - Login failed for user: admin
2026-04-21 11:55:40 [.NET TP Worker] ERROR Ticketing.Server.ClientSessionWorker - Error handling request
Ticketing.Services.TicketingException: Utilizator sau parola invalida.
   at Ticketing.Server.TicketingServerService.Login(String username, String password, IClientObserver observer) in C:\Facultate\Anul_2\Semestru_2\MPP\C#\Lab2\server\TicketingServerService.cs:line 43
   at Ticketing.Server.ClientSessionWorker.HandleRequestAsync(String rawMessage) in C:\Facultate\Anul_2\Semestru_2\MPP\C#\Lab2\server\ClientSessionWorker.cs:line 100
2026-04-21 11:55:43 [.NET TP Worker] INFO  Ticketing.Server.ClientSessionWorker - Client disconnected from 127.0.0.1:57056
2026-04-21 12:01:38 [2] INFO  Ticketing.Persistence.Repository.UserRepository - UserRepository initialized
2026-04-21 12:01:38 [2] INFO  Ticketing.Persistence.Repository.ArtistRepository - ArtistRepository initialized
2026-04-21 12:01:38 [2] INFO  Ticketing.Persistence.Repository.SpectacleRepository - SpectacleRepository initialized
2026-04-21 12:01:38 [2] INFO  Ticketing.Persistence.Repository.BuyerRepository - BuyerRepository initialized
2026-04-21 12:01:38 [2] INFO  Ticketing.Persistence.Repository.ArtistSpectacleRepository - ArtistSpectacleRepository initialized
2026-04-21 12:01:38 [2] INFO  Ticketing.Server.TicketingServerService - TicketingServerService initialized
2026-04-21 12:01:54 [.NET TP Worker] INFO  Ticketing.Server.ClientSessionWorker - Client connected from 127.0.0.1:49235
2026-04-21 12:01:54 [.NET TP Worker] DEBUG Ticketing.Server.ClientSessionWorker - Request received: LOGIN_REQUEST
2026-04-21 12:01:54 [.NET TP Worker] INFO  Ticketing.Persistence.Repository.UserRepository - User authenticated: razvan
2026-04-21 12:01:54 [.NET TP Worker] INFO  Ticketing.Server.TicketingServerService - User logged in: razvan (id=1)
2026-04-21 12:02:07 [.NET TP Worker] INFO  Ticketing.Server.ClientSessionWorker - Client disconnected from 127.0.0.1:49235
2026-04-21 12:03:06 [2] INFO  Ticketing.Persistence.Repository.UserRepository - UserRepository initialized
2026-04-21 12:03:06 [2] INFO  Ticketing.Persistence.Repository.ArtistRepository - ArtistRepository initialized
2026-04-21 12:03:06 [2] INFO  Ticketing.Persistence.Repository.SpectacleRepository - SpectacleRepository initialized
2026-04-21 12:03:06 [2] INFO  Ticketing.Persistence.Repository.BuyerRepository - BuyerRepository initialized
2026-04-21 12:03:06 [2] INFO  Ticketing.Persistence.Repository.ArtistSpectacleRepository - ArtistSpectacleRepository initialized
2026-04-21 12:03:06 [2] INFO  Ticketing.Server.TicketingServerService - TicketingServerService initialized
2026-04-21 12:03:54 [.NET TP Worker] INFO  Ticketing.Server.ClientSessionWorker - Client connected from 127.0.0.1:51672
2026-04-21 12:03:55 [.NET TP Worker] DEBUG Ticketing.Server.ClientSessionWorker - Request received: LOGIN_REQUEST
2026-04-21 12:03:55 [.NET TP Worker] INFO  Ticketing.Persistence.Repository.UserRepository - User authenticated: razvan
2026-04-21 12:03:55 [.NET TP Worker] INFO  Ticketing.Server.TicketingServerService - User logged in: razvan (id=1)
2026-04-21 12:04:04 [.NET TP Worker] INFO  Ticketing.Server.ClientSessionWorker - Client connected from 127.0.0.1:51673
2026-04-21 12:04:04 [.NET TP Worker] DEBUG Ticketing.Server.ClientSessionWorker - Request received: LOGIN_REQUEST
2026-04-21 12:04:04 [.NET TP Worker] INFO  Ticketing.Persistence.Repository.UserRepository - User authenticated: razvan
2026-04-21 12:04:04 [.NET TP Worker] INFO  Ticketing.Server.TicketingServerService - User logged in: razvan (id=1)
2026-04-21 12:04:16 [.NET TP Worker] INFO  Ticketing.Server.ClientSessionWorker - Client disconnected from 127.0.0.1:51673
2026-04-21 12:04:17 [.NET TP Worker] INFO  Ticketing.Server.ClientSessionWorker - Client disconnected from 127.0.0.1:51672
2026-04-21 12:16:50 [2] INFO  Ticketing.Persistence.Repository.UserRepository - UserRepository initialized
2026-04-21 12:16:50 [2] INFO  Ticketing.Persistence.Repository.ArtistRepository - ArtistRepository initialized
2026-04-21 12:16:50 [2] INFO  Ticketing.Persistence.Repository.SpectacleRepository - SpectacleRepository initialized
2026-04-21 12:16:50 [2] INFO  Ticketing.Persistence.Repository.BuyerRepository - BuyerRepository initialized
2026-04-21 12:16:50 [2] INFO  Ticketing.Persistence.Repository.ArtistSpectacleRepository - ArtistSpectacleRepository initialized
2026-04-21 12:16:50 [2] INFO  Ticketing.Server.TicketingServerService - TicketingServerService initialized
2026-04-21 12:17:10 [.NET TP Worker] INFO  Ticketing.Server.ClientSessionWorker - Client connected from 127.0.0.1:50689
2026-04-21 12:17:10 [.NET TP Worker] DEBUG Ticketing.Server.ClientSessionWorker - Request received: LOGIN_REQUEST
2026-04-21 12:17:10 [.NET TP Worker] WARN  Ticketing.Persistence.Repository.UserRepository - Authentication failed for user: admin
2026-04-21 12:17:10 [.NET TP Worker] WARN  Ticketing.Server.TicketingServerService - Login failed for user: admin
2026-04-21 12:17:10 [.NET TP Worker] ERROR Ticketing.Server.ClientSessionWorker - Error handling request
Ticketing.Services.TicketingException: Utilizator sau parola invalida.
   at Ticketing.Server.TicketingServerService.Login(String username, String password, IClientObserver observer) in C:\Facultate\Anul_2\Semestru_2\MPP\C#\Lab2\server\TicketingServerService.cs:line 43
   at Ticketing.Server.ClientSessionWorker.HandleRequestAsync(String rawMessage) in C:\Facultate\Anul_2\Semestru_2\MPP\C#\Lab2\server\ClientSessionWorker.cs:line 100
2026-04-21 12:17:48 [.NET TP Worker] INFO  Ticketing.Server.ClientSessionWorker - Client disconnected from 127.0.0.1:50689
2026-04-21 12:41:23 [2] INFO  Ticketing.Persistence.Repository.UserRepository - UserRepository initialized
2026-04-21 12:41:23 [2] INFO  Ticketing.Persistence.Repository.ArtistRepository - ArtistRepository initialized
2026-04-21 12:41:23 [2] INFO  Ticketing.Persistence.Repository.SpectacleRepository - SpectacleRepository initialized
2026-04-21 12:41:23 [2] INFO  Ticketing.Persistence.Repository.BuyerRepository - BuyerRepository initialized
2026-04-21 12:41:23 [2] INFO  Ticketing.Persistence.Repository.ArtistSpectacleRepository - ArtistSpectacleRepository initialized
2026-04-21 12:41:23 [2] INFO  Ticketing.Server.TicketingServerService - TicketingServerService initialized
2026-04-21 12:42:24 [.NET TP Worker] INFO  Ticketing.Server.ClientSessionWorker - Client connected from 127.0.0.1:53487
2026-04-21 12:42:24 [.NET TP Worker] DEBUG Ticketing.Server.ClientSessionWorker - Request received: LOGIN_REQUEST
2026-04-21 12:42:24 [.NET TP Worker] INFO  Ticketing.Persistence.Repository.UserRepository - User authenticated: razvan
2026-04-21 12:42:24 [.NET TP Worker] INFO  Ticketing.Server.TicketingServerService - User logged in: razvan (id=1)
2026-04-21 12:42:34 [.NET TP Worker] INFO  Ticketing.Server.ClientSessionWorker - Client disconnected from 127.0.0.1:53487
2026-04-21 12:43:29 [2] INFO  Ticketing.Persistence.Repository.UserRepository - UserRepository initialized
2026-04-21 12:43:29 [2] INFO  Ticketing.Persistence.Repository.ArtistRepository - ArtistRepository initialized
2026-04-21 12:43:29 [2] INFO  Ticketing.Persistence.Repository.SpectacleRepository - SpectacleRepository initialized
2026-04-21 12:43:29 [2] INFO  Ticketing.Persistence.Repository.BuyerRepository - BuyerRepository initialized
2026-04-21 12:43:29 [2] INFO  Ticketing.Persistence.Repository.ArtistSpectacleRepository - ArtistSpectacleRepository initialized
2026-04-21 12:43:29 [2] INFO  Ticketing.Server.TicketingServerService - TicketingServerService initialized
2026-04-21 12:43:43 [.NET TP Worker] INFO  Ticketing.Server.ClientSessionWorker - Client connected from 127.0.0.1:53495
2026-04-21 12:43:43 [.NET TP Worker] DEBUG Ticketing.Server.ClientSessionWorker - Request received: LOGIN_REQUEST
2026-04-21 12:43:43 [.NET TP Worker] INFO  Ticketing.Persistence.Repository.UserRepository - User authenticated: razvan
2026-04-21 12:43:43 [.NET TP Worker] INFO  Ticketing.Server.TicketingServerService - User logged in: razvan (id=1)
2026-04-21 13:33:51 [.NET TP Worker] INFO  Ticketing.Server.ClientSessionWorker - Client disconnected from 127.0.0.1:53495
2026-04-21 13:37:18 [2] INFO  Ticketing.Persistence.Repository.UserRepository - UserRepository initialized
2026-04-21 13:37:18 [2] INFO  Ticketing.Persistence.Repository.ArtistRepository - ArtistRepository initialized
2026-04-21 13:37:18 [2] INFO  Ticketing.Persistence.Repository.SpectacleRepository - SpectacleRepository initialized
2026-04-21 13:37:18 [2] INFO  Ticketing.Persistence.Repository.BuyerRepository - BuyerRepository initialized
2026-04-21 13:37:18 [2] INFO  Ticketing.Persistence.Repository.ArtistSpectacleRepository - ArtistSpectacleRepository initialized
2026-04-21 13:37:18 [2] INFO  Ticketing.Server.TicketingServerService - TicketingServerService initialized
2026-04-21 13:37:31 [.NET TP Worker] INFO  Ticketing.Server.ClientSessionWorker - Client connected from 127.0.0.1:51278
2026-04-21 13:37:31 [.NET TP Worker] DEBUG Ticketing.Server.ClientSessionWorker - Request received: LOGIN_REQUEST
2026-04-21 13:37:31 [.NET TP Worker] INFO  Ticketing.Persistence.Repository.UserRepository - User authenticated: razvan
2026-04-21 13:37:31 [.NET TP Worker] INFO  Ticketing.Server.TicketingServerService - User logged in: razvan (id=1)
2026-04-21 13:38:10 [.NET TP Worker] INFO  Ticketing.Server.ClientSessionWorker - Client disconnected from 127.0.0.1:51278
